GowinSynthesis start
Running parser ...
Analyzing Verilog file 'D:\code\verilog\apb_spi\apb_spi_bridge\src\apb_slave.v'
Analyzing Verilog file 'D:\code\verilog\apb_spi\apb_spi_bridge\src\spi_master.v'
Analyzing Verilog file 'D:\code\verilog\apb_spi\apb_spi_bridge\src\apb_spi_top.v'
Analyzing Verilog file 'D:\code\verilog\apb_spi\apb_spi_bridge\src\Fpga_wrapper.v'
Compiling module 'fpga_top'("D:\code\verilog\apb_spi\apb_spi_bridge\src\Fpga_wrapper.v":4)
WARN  (EX3073) : Port 'spi_config' remains unconnected for this instance("D:\code\verilog\apb_spi\apb_spi_bridge\src\apb_spi_top.v":80)
Compiling module 'apb_spi_top'("D:\code\verilog\apb_spi\apb_spi_bridge\src\apb_spi_top.v":3)
Compiling module 'apb_slave'("D:\code\verilog\apb_spi\apb_spi_bridge\src\apb_slave.v":3)
Compiling module 'spi_master'("D:\code\verilog\apb_spi\apb_spi_bridge\src\spi_master.v":3)
NOTE  (EX0101) : Current top module is "fpga_top"
[5%] Running netlist conversion ...
WARN  (CV0016) : Input MISO is unused("D:\code\verilog\apb_spi\apb_spi_bridge\src\Fpga_wrapper.v":9)
Running device independent optimization ...
[10%] Optimizing Phase 0 completed
[15%] Optimizing Phase 1 completed
[25%] Optimizing Phase 2 completed
Running inference ...
[30%] Inferring Phase 0 completed
[40%] Inferring Phase 1 completed
[50%] Inferring Phase 2 completed
[55%] Inferring Phase 3 completed
Running technical mapping ...
[60%] Tech-Mapping Phase 0 completed
[65%] Tech-Mapping Phase 1 completed
[75%] Tech-Mapping Phase 2 completed
[80%] Tech-Mapping Phase 3 completed
[90%] Tech-Mapping Phase 4 completed
[95%] Generate netlist file "D:\code\verilog\apb_spi\apb_spi_bridge\impl\gwsynthesis\apb_spi_bridge.vg" completed
[100%] Generate report file "D:\code\verilog\apb_spi\apb_spi_bridge\impl\gwsynthesis\apb_spi_bridge_syn.rpt.html" completed
GowinSynthesis finish
