Reading netlist file: "D:\code\verilog\apb_spi\apb_spi_bridge\impl\gwsynthesis\apb_spi_bridge.vg"
Parsing netlist file "D:\code\verilog\apb_spi\apb_spi_bridge\impl\gwsynthesis\apb_spi_bridge.vg" completed
Processing netlist completed
Reading constraint file: "D:\code\verilog\apb_spi\apb_spi_bridge\src\apb_spi_bridge.cst"
Physical Constraint parsed completed
Running placement......
[10%] Placement Phase 0 completed
[20%] Placement Phase 1 completed
[30%] Placement Phase 2 completed
[50%] Placement Phase 3 completed
Running routing......
[60%] Routing Phase 0 completed
[70%] Routing Phase 1 completed
[80%] Routing Phase 2 completed
[90%] Routing Phase 3 completed
Running timing analysis......
[95%] Timing analysis completed
Placement and routing completed
Bitstream generation in progress......
Bitstream generation completed
Running power analysis......
[100%] Power analysis completed
Generate file "D:\code\verilog\apb_spi\apb_spi_bridge\impl\pnr\apb_spi_bridge.power.html" completed
Generate file "D:\code\verilog\apb_spi\apb_spi_bridge\impl\pnr\apb_spi_bridge.pin.html" completed
Generate file "D:\code\verilog\apb_spi\apb_spi_bridge\impl\pnr\apb_spi_bridge.rpt.html" completed
Generate file "D:\code\verilog\apb_spi\apb_spi_bridge\impl\pnr\apb_spi_bridge.rpt.txt" completed
Generate file "D:\code\verilog\apb_spi\apb_spi_bridge\impl\pnr\apb_spi_bridge.tr.html" completed
Mon Oct  5 16:29:42 2026

